// Jest Snapshot v1, https://goo.gl/fbAQLP

exports[`Weather page componet Should display as expected 1`] = `
<div>
  <div
    class="container"
    id="weatherPage"
  >
    <div
      id="header"
    >
      <div
        class="cityName"
      >
        Testerazo (Puente Cajon De Gatos) San Luis PotosÃ­, Mexico
      </div>
      <div
        class="btn-group"
        role="group"
      >
        <input
          autocomplete="off"
          checked=""
          class="btn-check"
          id="metric"
          name="radio"
          type="radio"
          value=""
        />
        <label
          class="btn btn-dark"
          for="metric"
          tabindex="0"
        >
          Metric
        </label>
        <input
          autocomplete="off"
          class="btn-check"
          id="imperial"
          name="radio"
          type="radio"
          value=""
        />
        <label
          class="btn btn-outline-dark"
          for="imperial"
          tabindex="0"
        >
          Imperial
        </label>
      </div>
      <div>
        Wed, Apr 17 2024
      </div>
    </div>
    <div
      class="row"
    >
      <div
        class="col-sm-3"
      >
        <div
          class="weatherIcon"
        >
          <img
            alt="Sunny"
            src="/weather-icons/1000.svg"
          />
          <div
            class="text shiftUpText"
          >
            Sunny
          </div>
        </div>
      </div>
      <div
        class="col-sm-9"
      >
        <div
          class="currentWeatherInfoContainer"
        >
          <div
            class="temperature"
          >
            <span
              class="temp"
            >
              34.3
            </span>
            <span
              class="degree"
            >
              °C
            </span>
          </div>
          <div
            class="dividedInfo"
          >
            <div
              class="top"
            >
              <div
                class="label"
              >
                Humidity
                 :
              </div>
              <div
                class="content"
              >
                34 %
              </div>
            </div>
            <div
              class="bottom"
            >
              <div
                class="label"
              >
                Wind Speed
                 :
              </div>
              <div
                class="content"
              >
                17.6kph E
              </div>
            </div>
          </div>
        </div>
      </div>
    </div>
    <div
      class="row"
    >
      <div
        class="col"
      >
        <section
          id="weekForcast"
        >
          <div
            class="forcastCard"
          >
            <div>
              Thu 18
            </div>
            <div>
              <div
                class="weatherIcon"
              >
                <img
                  alt="Patchy rain nearby"
                  src="/weather-icons/1063.svg"
                />
                <div
                  class="text  "
                >
                  Patchy rain nearby
                </div>
              </div>
            </div>
            <div
              class="tempContainer"
            >
              <div
                class="dividedInfo"
              >
                <div
                  class="top"
                >
                  <div
                    class="label"
                  >
                    Hi
                     :
                  </div>
                  <div
                    class="content"
                  >
                    39.3
                  </div>
                </div>
                <div
                  class="bottom"
                >
                  <div
                    class="label"
                  >
                    Lo
                     :
                  </div>
                  <div
                    class="content"
                  >
                    22.8
                  </div>
                </div>
              </div>
              <div
                class="degree"
              >
                °C
              </div>
            </div>
          </div>
          <div
            class="forcastCard"
          >
            <div>
              Fri 19
            </div>
            <div>
              <div
                class="weatherIcon"
              >
                <img
                  alt="Sunny"
                  src="/weather-icons/1000.svg"
                />
                <div
                  class="text  "
                >
                  Sunny
                </div>
              </div>
            </div>
            <div
              class="tempContainer"
            >
              <div
                class="dividedInfo"
              >
                <div
                  class="top"
                >
                  <div
                    class="label"
                  >
                    Hi
                     :
                  </div>
                  <div
                    class="content"
                  >
                    39.3
                  </div>
                </div>
                <div
                  class="bottom"
                >
                  <div
                    class="label"
                  >
                    Lo
                     :
                  </div>
                  <div
                    class="content"
                  >
                    21
                  </div>
                </div>
              </div>
              <div
                class="degree"
              >
                °C
              </div>
            </div>
          </div>
          <div
            class="forcastCard"
          >
            <div>
              Sat 20
            </div>
            <div>
              <div
                class="weatherIcon"
              >
                <img
                  alt="Moderate rain"
                  src="/weather-icons/1189.svg"
                />
                <div
                  class="text  "
                >
                  Moderate rain
                </div>
              </div>
            </div>
            <div
              class="tempContainer"
            >
              <div
                class="dividedInfo"
              >
                <div
                  class="top"
                >
                  <div
                    class="label"
                  >
                    Hi
                     :
                  </div>
                  <div
                    class="content"
                  >
                    30.9
                  </div>
                </div>
                <div
                  class="bottom"
                >
                  <div
                    class="label"
                  >
                    Lo
                     :
                  </div>
                  <div
                    class="content"
                  >
                    22
                  </div>
                </div>
              </div>
              <div
                class="degree"
              >
                °C
              </div>
            </div>
          </div>
          <div
            class="forcastCard"
          >
            <div>
              Sun 21
            </div>
            <div>
              <div
                class="weatherIcon"
              >
                <img
                  alt="Patchy rain nearby"
                  src="/weather-icons/1063.svg"
                />
                <div
                  class="text  "
                >
                  Patchy rain nearby
                </div>
              </div>
            </div>
            <div
              class="tempContainer"
            >
              <div
                class="dividedInfo"
              >
                <div
                  class="top"
                >
                  <div
                    class="label"
                  >
                    Hi
                     :
                  </div>
                  <div
                    class="content"
                  >
                    22
                  </div>
                </div>
                <div
                  class="bottom"
                >
                  <div
                    class="label"
                  >
                    Lo
                     :
                  </div>
                  <div
                    class="content"
                  >
                    20.6
                  </div>
                </div>
              </div>
              <div
                class="degree"
              >
                °C
              </div>
            </div>
          </div>
          <div
            class="forcastCard"
          >
            <div>
              Mon 22
            </div>
            <div>
              <div
                class="weatherIcon"
              >
                <img
                  alt="Partly Cloudy "
                  src="/weather-icons/1003.svg"
                />
                <div
                  class="text  "
                >
                  Partly Cloudy 
                </div>
              </div>
            </div>
            <div
              class="tempContainer"
            >
              <div
                class="dividedInfo"
              >
                <div
                  class="top"
                >
                  <div
                    class="label"
                  >
                    Hi
                     :
                  </div>
                  <div
                    class="content"
                  >
                    34.1
                  </div>
                </div>
                <div
                  class="bottom"
                >
                  <div
                    class="label"
                  >
                    Lo
                     :
                  </div>
                  <div
                    class="content"
                  >
                    21.3
                  </div>
                </div>
              </div>
              <div
                class="degree"
              >
                °C
              </div>
            </div>
          </div>
        </section>
      </div>
    </div>
  </div>
</div>
`;
